  … 20 页 / 2000 行
  … 40 页 / 4000 行
  … 60 页 / 6000 行
  … 80 页 / 8000 行
  … 100 页 / 10000 行
  … 120 页 / 12000 行
  … 140 页 / 14000 行
  … 160 页 / 16000 行
  … 180 页 / 18000 行
  … 200 页 / 20000 行
  … 220 页 / 22000 行
  … 240 页 / 24000 行
  … 260 页 / 26000 行
  … 280 页 / 28000 行
  … 300 页 / 30000 行
  … 320 页 / 32000 行
  … 340 页 / 34000 行
  … 360 页 / 36000 行
  … 380 页 / 38000 行
  … 400 页 / 40000 行
  … 420 页 / 42000 行
  … 440 页 / 44000 行
  … 460 页 / 46000 行
  … 480 页 / 48000 行
  … 500 页 / 50000 行
  … 520 页 / 52000 行
  … 540 页 / 54000 行
  … 560 页 / 56000 行
  … 580 页 / 58000 行
  … 600 页 / 60000 行
  … 620 页 / 62000 行
  … 640 页 / 64000 行
  … 660 页 / 66000 行
  … 680 页 / 68000 行
  … 700 页 / 70000 行
  … 720 页 / 72000 行
  … 740 页 / 74000 行
  … 760 页 / 76000 行
  … 780 页 / 78000 行
  … 800 页 / 80000 行
  … 820 页 / 82000 行
  … 840 页 / 84000 行
  … 860 页 / 86000 行
  … 880 页 / 88000 行
  … 900 页 / 90000 行
  … 920 页 / 92000 行
  … 940 页 / 94000 行
  … 960 页 / 96000 行
  … 980 页 / 98000 行
  … 1000 页 / 100000 行
  … 1020 页 / 102000 行
  … 1040 页 / 104000 行
  … 1060 页 / 106000 行
  … 1080 页 / 108000 行
  … 1100 页 / 110000 行
{
  "fetched_pages": 1106,
  "version_rows": 110574,
  "unique_servers": 33903,
  "unique_publishers": 19979,
  "median_versions_per_server": 1,
  "servers_with_single_version": 21301,
  "single_version_share": 0.6283,
  "top10_publisher_share": 0.1335,
  "largest_publisher": [
    [
      "io.github.sadri-dridi",
      2341
    ]
  ],
  "remote_capable_servers": 45520,
  "remote_without_auth_field": 36509,
  "remote_without_auth_share": 0.802,
  "snapshot_utc": "2026-09-21T13:11:38Z"
}
CENSUS_DONE
